../Core/Src/main.c:91:5:main	128	static
../Core/Src/main.c:191:6:SystemClock_Config	88	static
../Core/Src/main.c:237:13:MX_ETH_Init	8	static
../Core/Src/main.c:286:13:MX_TIM3_Init	64	static
../Core/Src/main.c:345:13:MX_USART3_UART_Init	8	static
../Core/Src/main.c:378:13:MX_USB_OTG_FS_PCD_Init	8	static
../Core/Src/main.c:413:13:MX_GPIO_Init	56	static
../Core/Src/main.c:492:6:StartDefaultTask	16	static
../Core/Src/main.c:510:6:StartTask02	16	static
../Core/Src/main.c:536:6:StartTask03	16	static
../Core/Src/main.c:563:6:StartTask04	16	static
../Core/Src/main.c:589:6:Error_Handler	4	static,ignoring_inline_asm
